11/09/2026 14:48:17,95 - Eseguito build.bat 
11/09/2026 14:48:53,73 - Eseguito flash.bat 
11/09/2026 14:49:58,42 - Eseguito push.bat 
11/09/2026 14:50:07,96 - Eseguito publish_release.bat 
11/09/2026 14:54:58,27 - Eseguito push.bat 
11/09/2026 14:57:07,02 - Eseguito push.bat 
11/09/2026 14:59:00,57 - Eseguito push.bat 
11/09/2026 15:02:13,81 - Eseguito push.bat 
11/09/2026 15:07:38,81 - Eseguito push.bat 
11/09/2026 15:08:10,52 - Eseguito push.bat 
11/09/2026 15:18:08,34 - Eseguito build.bat 
11/09/2026 15:19:44,01 - Eseguito build.bat 
11/09/2026 15:24:26,84 - Eseguito flash.bat 
11/09/2026 15:31:59,43 - Eseguito flash.bat 
11/09/2026 16:09:53,14 - Eseguito build.bat 
11/09/2026 16:10:11,19 - Eseguito flash.bat 
11/09/2026 16:10:45,97 - Eseguito push.bat 
11/09/2026 17:41:57,62 - Eseguito pull.bat 
11/09/2026 17:46:34,83 - Eseguito build.bat 
12/09/2026 16:45:48,16 - Eseguito build.bat 
12/09/2026 16:54:38,21 - Eseguito build.bat 
12/09/2026 17:38:47,15 - Eseguito build.bat 
13/09/2026  0:14:49,59 - Eseguito push.bat 
